Archive member included to satisfy reference by file (symbol)

/Applications/STM32CubeIDE.app/Contents/Eclipse/plugins/com.st.stm32cube.ide.mcu.externaltools.gnu-tools-for-stm32.13.3.rel1.macos64_1.0.0.202411102158/tools/bin/../lib/gcc/arm-none-eabi/13.3.1/../../../../arm-none-eabi/lib/thumb/v7-m/nofp/libc_nano.a(libc_a-exit.o)
                              /Applications/STM32CubeIDE.app/Contents/Eclipse/plugins/com.st.stm32cube.ide.mcu.externaltools.gnu-tools-for-stm32.13.3.rel1.macos64_1.0.0.202411102158/tools/bin/../lib/gcc/arm-none-eabi/13.3.1/../../../../arm-none-eabi/lib/thumb/v7-m/nofp/crt0.o (exit)
/Applications/STM32CubeIDE.app/Contents/Eclipse/plugins/com.st.stm32cube.ide.mcu.externaltools.gnu-tools-for-stm32.13.3.rel1.macos64_1.0.0.202411102158/tools/bin/../lib/gcc/arm-none-eabi/13.3.1/../../../../arm-none-eabi/lib/thumb/v7-m/nofp/libc_nano.a(libc_a-findfp.o)
                              /Applications/STM32CubeIDE.app/Contents/Eclipse/plugins/com.st.stm32cube.ide.mcu.externaltools.gnu-tools-for-stm32.13.3.rel1.macos64_1.0.0.202411102158/tools/bin/../lib/gcc/arm-none-eabi/13.3.1/../../../../arm-none-eabi/lib/thumb/v7-m/nofp/libc_nano.a(libc_a-exit.o) (__stdio_exit_handler)
/Applications/STM32CubeIDE.app/Contents/Eclipse/plugins/com.st.stm32cube.ide.mcu.externaltools.gnu-tools-for-stm32.13.3.rel1.macos64_1.0.0.202411102158/tools/bin/../lib/gcc/arm-none-eabi/13.3.1/../../../../arm-none-eabi/lib/thumb/v7-m/nofp/libc_nano.a(libc_a-fwalk.o)
                              /Applications/STM32CubeIDE.app/Contents/Eclipse/plugins/com.st.stm32cube.ide.mcu.externaltools.gnu-tools-for-stm32.13.3.rel1.macos64_1.0.0.202411102158/tools/bin/../lib/gcc/arm-none-eabi/13.3.1/../../../../arm-none-eabi/lib/thumb/v7-m/nofp/libc_nano.a(libc_a-findfp.o) (_fwalk_sglue)
/Applications/STM32CubeIDE.app/Contents/Eclipse/plugins/com.st.stm32cube.ide.mcu.externaltools.gnu-tools-for-stm32.13.3.rel1.macos64_1.0.0.202411102158/tools/bin/../lib/gcc/arm-none-eabi/13.3.1/../../../../arm-none-eabi/lib/thumb/v7-m/nofp/libc_nano.a(libc_a-memset.o)
                              /Applications/STM32CubeIDE.app/Contents/Eclipse/plugins/com.st.stm32cube.ide.mcu.externaltools.gnu-tools-for-stm32.13.3.rel1.macos64_1.0.0.202411102158/tools/bin/../lib/gcc/arm-none-eabi/13.3.1/../../../../arm-none-eabi/lib/thumb/v7-m/nofp/crt0.o (memset)
/Applications/STM32CubeIDE.app/Contents/Eclipse/plugins/com.st.stm32cube.ide.mcu.externaltools.gnu-tools-for-stm32.13.3.rel1.macos64_1.0.0.202411102158/tools/bin/../lib/gcc/arm-none-eabi/13.3.1/../../../../arm-none-eabi/lib/thumb/v7-m/nofp/libc_nano.a(libc_a-errno.o)
                              ./src/bsp/syscalls.o (__errno)
/Applications/STM32CubeIDE.app/Contents/Eclipse/plugins/com.st.stm32cube.ide.mcu.externaltools.gnu-tools-for-stm32.13.3.rel1.macos64_1.0.0.202411102158/tools/bin/../lib/gcc/arm-none-eabi/13.3.1/../../../../arm-none-eabi/lib/thumb/v7-m/nofp/libc_nano.a(libc_a-init.o)
                              /Applications/STM32CubeIDE.app/Contents/Eclipse/plugins/com.st.stm32cube.ide.mcu.externaltools.gnu-tools-for-stm32.13.3.rel1.macos64_1.0.0.202411102158/tools/bin/../lib/gcc/arm-none-eabi/13.3.1/../../../../arm-none-eabi/lib/thumb/v7-m/nofp/crt0.o (__libc_init_array)
/Applications/STM32CubeIDE.app/Contents/Eclipse/plugins/com.st.stm32cube.ide.mcu.externaltools.gnu-tools-for-stm32.13.3.rel1.macos64_1.0.0.202411102158/tools/bin/../lib/gcc/arm-none-eabi/13.3.1/../../../../arm-none-eabi/lib/thumb/v7-m/nofp/libc_nano.a(libc_a-lock.o)
                              /Applications/STM32CubeIDE.app/Contents/Eclipse/plugins/com.st.stm32cube.ide.mcu.externaltools.gnu-tools-for-stm32.13.3.rel1.macos64_1.0.0.202411102158/tools/bin/../lib/gcc/arm-none-eabi/13.3.1/../../../../arm-none-eabi/lib/thumb/v7-m/nofp/libc_nano.a(libc_a-findfp.o) (__retarget_lock_init_recursive)
/Applications/STM32CubeIDE.app/Contents/Eclipse/plugins/com.st.stm32cube.ide.mcu.externaltools.gnu-tools-for-stm32.13.3.rel1.macos64_1.0.0.202411102158/tools/bin/../lib/gcc/arm-none-eabi/13.3.1/../../../../arm-none-eabi/lib/thumb/v7-m/nofp/libc_nano.a(libc_a-impure.o)
                              /Applications/STM32CubeIDE.app/Contents/Eclipse/plugins/com.st.stm32cube.ide.mcu.externaltools.gnu-tools-for-stm32.13.3.rel1.macos64_1.0.0.202411102158/tools/bin/../lib/gcc/arm-none-eabi/13.3.1/../../../../arm-none-eabi/lib/thumb/v7-m/nofp/libc_nano.a(libc_a-errno.o) (_impure_ptr)
/Applications/STM32CubeIDE.app/Contents/Eclipse/plugins/com.st.stm32cube.ide.mcu.externaltools.gnu-tools-for-stm32.13.3.rel1.macos64_1.0.0.202411102158/tools/bin/../lib/gcc/arm-none-eabi/13.3.1/../../../../arm-none-eabi/lib/thumb/v7-m/nofp/libc_nano.a(libc_a-mallocr.o)
                              /Applications/STM32CubeIDE.app/Contents/Eclipse/plugins/com.st.stm32cube.ide.mcu.externaltools.gnu-tools-for-stm32.13.3.rel1.macos64_1.0.0.202411102158/tools/bin/../lib/gcc/arm-none-eabi/13.3.1/../../../../arm-none-eabi/lib/thumb/v7-m/nofp/libc_nano.a(libc_a-findfp.o) (_malloc_r)
[...]
Memory Configuration

Name             Origin             Length             Attributes
RAM              0x20000000         0x00005000         xrw
FLASH            0x08000000         0x00020000         xr
*default*        0x00000000         0xffffffff

Linker script and memory map

LOAD /Applications/STM32CubeIDE.app/Contents/Eclipse/plugins/com.st.stm32cube.ide.mcu.externaltools.gnu-tools-for-stm32.13.3.rel1.macos64_1.0.0.202411102158/tools/bin/../lib/gcc/arm-none-eabi/13.3.1/thumb/v7-m/nofp/crti.o
LOAD /Applications/STM32CubeIDE.app/Contents/Eclipse/plugins/com.st.stm32cube.ide.mcu.externaltools.gnu-tools-for-stm32.13.3.rel1.macos64_1.0.0.202411102158/tools/bin/../lib/gcc/arm-none-eabi/13.3.1/thumb/v7-m/nofp/crtbegin.o
LOAD /Applications/STM32CubeIDE.app/Contents/Eclipse/plugins/com.st.stm32cube.ide.mcu.externaltools.gnu-tools-for-stm32.13.3.rel1.macos64_1.0.0.202411102158/tools/bin/../lib/gcc/arm-none-eabi/13.3.1/../../../../arm-none-eabi/lib/thumb/v7-m/nofp/crt0.o
LOAD ./src/ap/ap.o
LOAD ./src/bsp/bsp.o
LOAD ./src/bsp/stm32f1xx_hal_msp.o
LOAD ./src/bsp/stm32f1xx_it.o
LOAD ./src/bsp/syscalls.o
LOAD ./src/bsp/sysmem.o
LOAD ./src/bsp/system_stm32f1xx.o
LOAD ./src/bsp/startup/startup_stm32f103rbtx.o
LOAD ./src/hw/hw.o
LOAD ./src/lib/cube_f103/Drivers/STM32F1xx_HAL_Driver/Src/stm32f1xx_hal.o
LOAD ./src/lib/cube_f103/Drivers/STM32F1xx_HAL_Driver/Src/stm32f1xx_hal_cortex.o
LOAD ./src/lib/cube_f103/Drivers/STM32F1xx_HAL_Driver/Src/stm32f1xx_hal_dma.o
LOAD ./src/lib/cube_f103/Drivers/STM32F1xx_HAL_Driver/Src/stm32f1xx_hal_exti.o
LOAD ./src/lib/cube_f103/Drivers/STM32F1xx_HAL_Driver/Src/stm32f1xx_hal_flash.o
LOAD ./src/lib/cube_f103/Drivers/STM32F1xx_HAL_Driver/Src/stm32f1xx_hal_flash_ex.o
LOAD ./src/lib/cube_f103/Drivers/STM32F1xx_HAL_Driver/Src/stm32f1xx_hal_gpio.o
LOAD ./src/lib/cube_f103/Drivers/STM32F1xx_HAL_Driver/Src/stm32f1xx_hal_gpio_ex.o
LOAD ./src/lib/cube_f103/Drivers/STM32F1xx_HAL_Driver/Src/stm32f1xx_hal_pwr.o
LOAD ./src/lib/cube_f103/Drivers/STM32F1xx_HAL_Driver/Src/stm32f1xx_hal_rcc.o
LOAD ./src/lib/cube_f103/Drivers/STM32F1xx_HAL_Driver/Src/stm32f1xx_hal_rcc_ex.o
LOAD ./src/lib/cube_f103/Drivers/STM32F1xx_HAL_Driver/Src/stm32f1xx_hal_uart.o
LOAD ./src/main.o
START GROUP
LOAD /Applications/STM32CubeIDE.app/Contents/Eclipse/plugins/com.st.stm32cube.ide.mcu.externaltools.gnu-tools-for-stm32.13.3.rel1.macos64_1.0.0.202411102158/tools/bin/../lib/gcc/arm-none-eabi/13.3.1/../../../../arm-none-eabi/lib/thumb/v7-m/nofp/libc_nano.a
LOAD /Applications/STM32CubeIDE.app/Contents/Eclipse/plugins/com.st.stm32cube.ide.mcu.externaltools.gnu-tools-for-stm32.13.3.rel1.macos64_1.0.0.202411102158/tools/bin/../lib/gcc/arm-none-eabi/13.3.1/../../../../arm-none-eabi/lib/thumb/v7-m/nofp/libm.a
END GROUP
START GROUP
LOAD /Applications/STM32CubeIDE.app/Contents/Eclipse/plugins/com.st.stm32cube.ide.mcu.externaltools.gnu-tools-for-stm32.13.3.rel1.macos64_1.0.0.202411102158/tools/bin/../lib/gcc/arm-none-eabi/13.3.1/thumb/v7-m/nofp/libgcc.a
LOAD /Applications/STM32CubeIDE.app/Contents/Eclipse/plugins/com.st.stm32cube.ide.mcu.externaltools.gnu-tools-for-stm32.13.3.rel1.macos64_1.0.0.202411102158/tools/bin/../lib/gcc/arm-none-eabi/13.3.1/../../../../arm-none-eabi/lib/thumb/v7-m/nofp/libc_nano.a
END GROUP
START GROUP
LOAD /Applications/STM32CubeIDE.app/Contents/Eclipse/plugins/com.st.stm32cube.ide.mcu.externaltools.gnu-tools-for-stm32.13.3.rel1.macos64_1.0.0.202411102158/tools/bin/../lib/gcc/arm-none-eabi/13.3.1/thumb/v7-m/nofp/libgcc.a
LOAD /Applications/STM32CubeIDE.app/Contents/Eclipse/plugins/com.st.stm32cube.ide.mcu.externaltools.gnu-tools-for-stm32.13.3.rel1.macos64_1.0.0.202411102158/tools/bin/../lib/gcc/arm-none-eabi/13.3.1/../../../../arm-none-eabi/lib/thumb/v7-m/nofp/libc_nano.a
LOAD /Applications/STM32CubeIDE.app/Contents/Eclipse/plugins/com.st.stm32cube.ide.mcu.externaltools.gnu-tools-for-stm32.13.3.rel1.macos64_1.0.0.202411102158/tools/bin/../lib/gcc/arm-none-eabi/13.3.1/../../../../arm-none-eabi/lib/thumb/v7-m/nofp/libnosys.a
END GROUP
START GROUP
LOAD /Applications/STM32CubeIDE.app/Contents/Eclipse/plugins/com.st.stm32cube.ide.mcu.externaltools.gnu-tools-for-stm32.13.3.rel1.macos64_1.0.0.202411102158/tools/bin/../lib/gcc/arm-none-eabi/13.3.1/thumb/v7-m/nofp/libgcc.a
LOAD /Applications/STM32CubeIDE.app/Contents/Eclipse/plugins/com.st.stm32cube.ide.mcu.externaltools.gnu-tools-for-stm32.13.3.rel1.macos64_1.0.0.202411102158/tools/bin/../lib/gcc/arm-none-eabi/13.3.1/../../../../arm-none-eabi/lib/thumb/v7-m/nofp/libc_nano.a
LOAD /Applications/STM32CubeIDE.app/Contents/Eclipse/plugins/com.st.stm32cube.ide.mcu.externaltools.gnu-tools-for-stm32.13.3.rel1.macos64_1.0.0.202411102158/tools/bin/../lib/gcc/arm-none-eabi/13.3.1/../../../../arm-none-eabi/lib/thumb/v7-m/nofp/libnosys.a
END GROUP
LOAD /Applications/STM32CubeIDE.app/Contents/Eclipse/plugins/com.st.stm32cube.ide.mcu.externaltools.gnu-tools-for-stm32.13.3.rel1.macos64_1.0.0.202411102158/tools/bin/../lib/gcc/arm-none-eabi/13.3.1/thumb/v7-m/nofp/crtend.o
LOAD /Applications/STM32CubeIDE.app/Contents/Eclipse/plugins/com.st.stm32cube.ide.mcu.externaltools.gnu-tools-for-stm32.13.3.rel1.macos64_1.0.0.202411102158/tools/bin/../lib/gcc/arm-none-eabi/13.3.1/thumb/v7-m/nofp/crtn.o
                0x20005000                        _estack = (ORIGIN (RAM) + LENGTH (RAM))
                0x00000200                        _Min_Heap_Size = 0x200
                0x00000400                        _Min_Stack_Size = 0x400

.isr_vector     0x08000000      0x130
                0x08000000                        . = ALIGN (0x4)
 *(.isr_vector)
 .isr_vector    0x08000000      0x130 ./src/bsp/startup/startup_stm32f103rbtx.o
                0x08000000                g_pfnVectors
                0x08000130                        . = ALIGN (0x4)

.text           0x08000130      0xdb4
                0x08000130                        . = ALIGN (0x4)
 *(.text)
 .text          0x08000130       0x40 /Applications/STM32CubeIDE.app/Contents/Eclipse/plugins/com.st.stm32cube.ide.mcu.externaltools.gnu-tools-for-stm32.13.3.rel1.macos64_1.0.0.202411102158/tools/bin/../lib/gcc/arm-none-eabi/13.3.1/thumb/v7-m/nofp/crtbegin.o
 *(.text*)
 .text.apInit   0x08000170        0xc ./src/ap/ap.o
                0x08000170                apInit
 .text.apMain   0x0800017c        0x8 ./src/ap/ap.o
                0x0800017c                apMain
 .text.bspInit  0x08000184       0x7c ./src/bsp/bsp.o
                0x08000184                bspInit
 .text.SystemClock_Config
                0x08000200       0x8a ./src/bsp/bsp.o
                0x08000200                SystemClock_Config
 .text.Error_Handler
                0x0800028a        0xc ./src/bsp/bsp.o
                0x0800028a                Error_Handler
 *fill*         0x08000296        0x2 
 .text.HAL_MspInit
                0x08000298       0x64 ./src/bsp/stm32f1xx_hal_msp.o
                0x08000298                HAL_MspInit
 .text.NMI_Handler
                0x080002fc        0x8 ./src/bsp/stm32f1xx_it.o
                0x080002fc                NMI_Handler
 .text.HardFault_Handler
                0x08000304        0x8 ./src/bsp/stm32f1xx_it.o
                0x08000304                HardFault_Handler
 .text.MemManage_Handler
                0x0800030c        0x8 ./src/bsp/stm32f1xx_it.o
                0x0800030c                MemManage_Handler
 .text.BusFault_Handler
                0x08000314        0x8 ./src/bsp/stm32f1xx_it.o
                0x08000314                BusFault_Handler
 .text.UsageFault_Handler
                0x0800031c        0x8 ./src/bsp/stm32f1xx_it.o
                0x0800031c                UsageFault_Handler
 .text.SVC_Handler
                0x08000324        0xc ./src/bsp/stm32f1xx_it.o
                0x08000324                SVC_Handler
 .text.DebugMon_Handler
                0x08000330        0xc ./src/bsp/stm32f1xx_it.o
                0x08000330                DebugMon_Handler
 .text.PendSV_Handler
                0x0800033c        0xc ./src/bsp/stm32f1xx_it.o
                0x0800033c                PendSV_Handler
 .text.SysTick_Handler
                0x08000348        0xc ./src/bsp/stm32f1xx_it.o
                0x08000348                SysTick_Handler
 .text.EXTI15_10_IRQHandler
                0x08000354       0x10 ./src/bsp/stm32f1xx_it.o
                0x08000354                EXTI15_10_IRQHandler
 .text.SystemInit
                0x08000364        0xc ./src/bsp/system_stm32f1xx.o
                0x08000364                SystemInit
 .text.Reset_Handler
                0x08000370       0x50 ./src/bsp/startup/startup_stm32f103rbtx.o
                0x08000370                Reset_Handler
 .text.Default_Handler
                0x080003c0        0x2 ./src/bsp/startup/startup_stm32f103rbtx.o
                0x080003c0                DMA2_Channel3_IRQHandler
                0x080003c0                TIM8_TRG_COM_IRQHandler
                0x080003c0                TIM8_CC_IRQHandler
                0x080003c0                TIM1_CC_IRQHandler
                0x080003c0                TIM6_IRQHandler
                0x080003c0                PVD_IRQHandler
                0x080003c0                SDIO_IRQHandler
                0x080003c0                EXTI3_IRQHandler
                0x080003c0                USB_HP_CAN_TX_IRQHandler
                0x080003c0                EXTI0_IRQHandler
                0x080003c0                I2C2_EV_IRQHandler
                0x080003c0                ADC1_2_IRQHandler
                0x080003c0                SPI1_IRQHandler
                0x080003c0                CAN_SCE_IRQHandler
                0x080003c0                TAMPER_IRQHandler
                0x080003c0                TIM8_UP_IRQHandler
                0x080003c0                DMA2_Channel2_IRQHandler
                0x080003c0                DMA1_Channel4_IRQHandler
                0x080003c0                USART3_IRQHandler
                0x080003c0                RTC_IRQHandler
                0x080003c0                DMA1_Channel7_IRQHandler
                0x080003c0                UART5_IRQHandler
                0x080003c0                ADC3_IRQHandler
                0x080003c0                TIM4_IRQHandler
                0x080003c0                CAN_RX1_IRQHandler
                0x080003c0                DMA2_Channel1_IRQHandler
                0x080003c0                I2C1_EV_IRQHandler
                0x080003c0                DMA1_Channel6_IRQHandler
                0x080003c0                UART4_IRQHandler
                0x080003c0                TIM3_IRQHandler
                0x080003c0                RCC_IRQHandler
                0x080003c0                TIM1_TRG_COM_IRQHandler
                0x080003c0                DMA1_Channel1_IRQHandler
                0x080003c0                Default_Handler
                0x080003c0                TIM7_IRQHandler
                0x080003c0                TIM5_IRQHandler
                0x080003c0                EXTI9_5_IRQHandler
                0x080003c0                SPI2_IRQHandler
                0x080003c0                USB_LP_CAN_RX0_IRQHandler
                0x080003c0                DMA1_Channel5_IRQHandler
                0x080003c0                EXTI4_IRQHandler
                0x080003c0                DMA1_Channel3_IRQHandler
                0x080003c0                FSMC_IRQHandler
                0x080003c0                TIM1_UP_IRQHandler
                0x080003c0                WWDG_IRQHandler
                0x080003c0                TIM2_IRQHandler
                0x080003c0                TIM1_BRK_IRQHandler
                0x080003c0                EXTI1_IRQHandler
                0x080003c0                RTCAlarm_IRQHandler
                0x080003c0                DMA2_Channel4_5_IRQHandler
                0x080003c0                USART2_IRQHandler
                0x080003c0                I2C2_ER_IRQHandler
                0x080003c0                DMA1_Channel2_IRQHandler
                0x080003c0                TIM8_BRK_IRQHandler
                0x080003c0                FLASH_IRQHandler
                0x080003c0                USART1_IRQHandler
                0x080003c0                SPI3_IRQHandler
                0x080003c0                I2C1_ER_IRQHandler
                0x080003c0                EXTI2_IRQHandler
 .text.hwInit   0x080003c2        0xc ./src/hw/hw.o
                0x080003c2                hwInit
 *fill*         0x080003ce        0x2 
 .text.HAL_Init
                0x080003d0       0x2c ./src/lib/cube_f103/Drivers/STM32F1xx_HAL_Driver/Src/stm32f1xx_hal.o
                0x080003d0                HAL_Init
 .text.HAL_InitTick
                0x080003fc       0x60 ./src/lib/cube_f103/Drivers/STM32F1xx_HAL_Driver/Src/stm32f1xx_hal.o
                0x080003fc                HAL_InitTick
 .text.HAL_IncTick
                0x0800045c       0x24 ./src/lib/cube_f103/Drivers/STM32F1xx_HAL_Driver/Src/stm32f1xx_hal.o
                0x0800045c                HAL_IncTick
 .text.HAL_GetTick
                0x08000480       0x14 ./src/lib/cube_f103/Drivers/STM32F1xx_HAL_Driver/Src/stm32f1xx_hal.o
                0x08000480                HAL_GetTick
 .text.__NVIC_SetPriorityGrouping
                0x08000494       0x48 ./src/lib/cube_f103/Drivers/STM32F1xx_HAL_Driver/Src/stm32f1xx_hal_cortex.o
 .text.__NVIC_GetPriorityGrouping
                0x080004dc       0x1c ./src/lib/cube_f103/Drivers/STM32F1xx_HAL_Driver/Src/stm32f1xx_hal_cortex.o
 .text.__NVIC_SetPriority
                0x080004f8       0x54 ./src/lib/cube_f103/Drivers/STM32F1xx_HAL_Driver/Src/stm32f1xx_hal_cortex.o
 .text.NVIC_EncodePriority
                0x0800054c       0x64 ./src/lib/cube_f103/Drivers/STM32F1xx_HAL_Driver/Src/stm32f1xx_hal_cortex.o
 .text.SysTick_Config
                0x080005b0       0x44 ./src/lib/cube_f103/Drivers/STM32F1xx_HAL_Driver/Src/stm32f1xx_hal_cortex.o
 .text.HAL_NVIC_SetPriorityGrouping
                0x080005f4       0x16 ./src/lib/cube_f103/Drivers/STM32F1xx_HAL_Driver/Src/stm32f1xx_hal_cortex.o
                0x080005f4                HAL_NVIC_SetPriorityGrouping
 .text.HAL_NVIC_SetPriority
                0x0800060a       0x38 ./src/lib/cube_f103/Drivers/STM32F1xx_HAL_Driver/Src/stm32f1xx_hal_cortex.o
                0x0800060a                HAL_NVIC_SetPriority
 .text.HAL_SYSTICK_Config
                0x08000642       0x18 ./src/lib/cube_f103/Drivers/STM32F1xx_HAL_Driver/Src/stm32f1xx_hal_cortex.o
                0x08000642                HAL_SYSTICK_Config
 *fill*         0x0800065a        0x2 
 .text.HAL_GPIO_EXTI_IRQHandler
                0x0800065c       0x30 ./src/lib/cube_f103/Drivers/STM32F1xx_HAL_Driver/Src/stm32f1xx_hal_gpio.o
                0x0800065c                HAL_GPIO_EXTI_IRQHandler
 .text.HAL_GPIO_EXTI_Callback
                0x0800068c       0x14 ./src/lib/cube_f103/Drivers/STM32F1xx_HAL_Driver/Src/stm32f1xx_hal_gpio.o
                0x0800068c                HAL_GPIO_EXTI_Callback
 .text.HAL_RCC_OscConfig
                0x080006a0      0x504 ./src/lib/cube_f103/Drivers/STM32F1xx_HAL_Driver/Src/stm32f1xx_hal_rcc.o
                0x080006a0                HAL_RCC_OscConfig
 .text.HAL_RCC_ClockConfig
                0x08000ba4      0x1d4 ./src/lib/cube_f103/Drivers/STM32F1xx_HAL_Driver/Src/stm32f1xx_hal_rcc.o
                0x08000ba4                HAL_RCC_ClockConfig
 .text.HAL_RCC_GetSysClockFreq
                0x08000d78       0xa8 ./src/lib/cube_f103/Drivers/STM32F1xx_HAL_Driver/Src/stm32f1xx_hal_rcc.o
                0x08000d78                HAL_RCC_GetSysClockFreq
 .text.RCC_Delay
                0x08000e20       0x3c ./src/lib/cube_f103/Drivers/STM32F1xx_HAL_Driver/Src/stm32f1xx_hal_rcc.o
 .text.main     0x08000e5c       0x16 ./src/main.o
                0x08000e5c                main
 .text.memset   0x08000e72       0x10 /Applications/STM32CubeIDE.app/Contents/Eclipse/plugins/com.st.stm32cube.ide.mcu.externaltools.gnu-tools-for-stm32.13.3.rel1.macos64_1.0.0.202411102158/tools/bin/../lib/gcc/arm-none-eabi/13.3.1/../../../../arm-none-eabi/lib/thumb/v7-m/nofp/libc_nano.a(libc_a-memset.o)
                0x08000e72                memset
 *fill*         0x08000e82        0x2 
 .text.__libc_init_array
                0x08000e84       0x48 /Applications/STM32CubeIDE.app/Contents/Eclipse/plugins/com.st.stm32cube.ide.mcu.externaltools.gnu-tools-for-stm32.13.3.rel1.macos64_1.0.0.202411102158/tools/bin/../lib/gcc/arm-none-eabi/13.3.1/../../../../arm-none-eabi/lib/thumb/v7-m/nofp/libc_nano.a(libc_a-init.o)
                0x08000e84                __libc_init_array
 *(.glue_7)
 .glue_7        0x08000ecc        0x0 linker stubs
 *(.glue_7t)
 .glue_7t       0x08000ecc        0x0 linker stubs
 *(.eh_frame)
 .eh_frame      0x08000ecc        0x0 /Applications/STM32CubeIDE.app/Contents/Eclipse/plugins/com.st.stm32cube.ide.mcu.externaltools.gnu-tools-for-stm32.13.3.rel1.macos64_1.0.0.202411102158/tools/bin/../lib/gcc/arm-none-eabi/13.3.1/thumb/v7-m/nofp/crtbegin.o
 *(.init)
 .init          0x08000ecc        0x4 /Applications/STM32CubeIDE.app/Contents/Eclipse/plugins/com.st.stm32cube.ide.mcu.externaltools.gnu-tools-for-stm32.13.3.rel1.macos64_1.0.0.202411102158/tools/bin/../lib/gcc/arm-none-eabi/13.3.1/thumb/v7-m/nofp/crti.o
                0x08000ecc                _init
 .init          0x08000ed0        0x8 /Applications/STM32CubeIDE.app/Contents/Eclipse/plugins/com.st.stm32cube.ide.mcu.externaltools.gnu-tools-for-stm32.13.3.rel1.macos64_1.0.0.202411102158/tools/bin/../lib/gcc/arm-none-eabi/13.3.1/thumb/v7-m/nofp/crtn.o
 *(.fini)
 .fini          0x08000ed8        0x4 /Applications/STM32CubeIDE.app/Contents/Eclipse/plugins/com.st.stm32cube.ide.mcu.externaltools.gnu-tools-for-stm32.13.3.rel1.macos64_1.0.0.202411102158/tools/bin/../lib/gcc/arm-none-eabi/13.3.1/thumb/v7-m/nofp/crti.o
                0x08000ed8                _fini
 .fini          0x08000edc        0x8 /Applications/STM32CubeIDE.app/Contents/Eclipse/plugins/com.st.stm32cube.ide.mcu.externaltools.gnu-tools-for-stm32.13.3.rel1.macos64_1.0.0.202411102158/tools/bin/../lib/gcc/arm-none-eabi/13.3.1/thumb/v7-m/nofp/crtn.o
                0x08000ee4                        . = ALIGN (0x4)
                0x08000ee4                        _etext = .

.vfp11_veneer   0x08000ee4        0x0
 .vfp11_veneer  0x08000ee4        0x0 linker stubs

.v4_bx          0x08000ee4        0x0
 .v4_bx         0x08000ee4        0x0 linker stubs

.iplt           0x08000ee4        0x0
 .iplt          0x08000ee4        0x0 /Applications/STM32CubeIDE.app/Contents/Eclipse/plugins/com.st.stm32cube.ide.mcu.externaltools.gnu-tools-for-stm32.13.3.rel1.macos64_1.0.0.202411102158/tools/bin/../lib/gcc/arm-none-eabi/13.3.1/thumb/v7-m/nofp/crtbegin.o

.rodata         0x08000ee4       0x24
                0x08000ee4                        . = ALIGN (0x4)
 *(.rodata)
 *(.rodata*)
 .rodata.AHBPrescTable
                0x08000ee4       0x10 ./src/bsp/system_stm32f1xx.o
                0x08000ee4                AHBPrescTable
 .rodata.aPLLMULFactorTable.1
                0x08000ef4       0x10 ./src/lib/cube_f103/Drivers/STM32F1xx_HAL_Driver/Src/stm32f1xx_hal_rcc.o
 .rodata.aPredivFactorTable.0
                0x08000f04        0x2 ./src/lib/cube_f103/Drivers/STM32F1xx_HAL_Driver/Src/stm32f1xx_hal_rcc.o
                0x08000f08                        . = ALIGN (0x4)
 *fill*         0x08000f06        0x2 

.ARM.extab      0x08000f08        0x0
                0x08000f08                        . = ALIGN (0x4)
 *(.ARM.extab* .gnu.linkonce.armextab.*)
                0x08000f08                        . = ALIGN (0x4)

.ARM            0x08000f08        0x0
                0x08000f08                        . = ALIGN (0x4)
                0x08000f08                        __exidx_start = .
 *(.ARM.exidx*)
                0x08000f08                        __exidx_end = .
                0x08000f08                        . = ALIGN (0x4)

.preinit_array  0x08000f08        0x0
                0x08000f08                        . = ALIGN (0x4)
                0x08000f08                        PROVIDE (__preinit_array_start = .)
 *(.preinit_array*)
                0x08000f08                        PROVIDE (__preinit_array_end = .)
                0x08000f08                        . = ALIGN (0x4)

.init_array     0x08000f08        0x4
                0x08000f08                        . = ALIGN (0x4)
                0x08000f08                        PROVIDE (__init_array_start = .)
 *(SORT_BY_NAME(.init_array.*))
 *(.init_array*)
 .init_array    0x08000f08        0x4 /Applications/STM32CubeIDE.app/Contents/Eclipse/plugins/com.st.stm32cube.ide.mcu.externaltools.gnu-tools-for-stm32.13.3.rel1.macos64_1.0.0.202411102158/tools/bin/../lib/gcc/arm-none-eabi/13.3.1/thumb/v7-m/nofp/crtbegin.o
                0x08000f0c                        PROVIDE (__init_array_end = .)
                0x08000f0c                        . = ALIGN (0x4)

.fini_array     0x08000f0c        0x4
                0x08000f0c                        . = ALIGN (0x4)
                [!provide]                        PROVIDE (__fini_array_start = .)
 *(SORT_BY_NAME(.fini_array.*))
 *(.fini_array*)
 .fini_array    0x08000f0c        0x4 /Applications/STM32CubeIDE.app/Contents/Eclipse/plugins/com.st.stm32cube.ide.mcu.externaltools.gnu-tools-for-stm32.13.3.rel1.macos64_1.0.0.202411102158/tools/bin/../lib/gcc/arm-none-eabi/13.3.1/thumb/v7-m/nofp/crtbegin.o
                [!provide]                        PROVIDE (__fini_array_end = .)
                0x08000f10                        . = ALIGN (0x4)
                0x08000f10                        _sidata = LOADADDR (.data)

.rel.dyn        0x08000f10        0x0
 .rel.iplt      0x08000f10        0x0 /Applications/STM32CubeIDE.app/Contents/Eclipse/plugins/com.st.stm32cube.ide.mcu.externaltools.gnu-tools-for-stm32.13.3.rel1.macos64_1.0.0.202411102158/tools/bin/../lib/gcc/arm-none-eabi/13.3.1/thumb/v7-m/nofp/crtbegin.o

.data           0x20000000        0xc load address 0x08000f10
                0x20000000                        . = ALIGN (0x4)
                0x20000000                        _sdata = .
 *(.data)
 *(.data*)
 .data.SystemCoreClock
                0x20000000        0x4 ./src/bsp/system_stm32f1xx.o
                0x20000000                SystemCoreClock
 .data.uwTickPrio
                0x20000004        0x4 ./src/lib/cube_f103/Drivers/STM32F1xx_HAL_Driver/Src/stm32f1xx_hal.o
                0x20000004                uwTickPrio
 .data.uwTickFreq
                0x20000008        0x1 ./src/lib/cube_f103/Drivers/STM32F1xx_HAL_Driver/Src/stm32f1xx_hal.o
                0x20000008                uwTickFreq
 *(.RamFunc)
 *(.RamFunc*)
                0x2000000c                        . = ALIGN (0x4)
 *fill*         0x20000009        0x3 
                0x2000000c                        _edata = .

.igot.plt       0x2000000c        0x0 load address 0x08000f1c
 .igot.plt      0x2000000c        0x0 /Applications/STM32CubeIDE.app/Contents/Eclipse/plugins/com.st.stm32cube.ide.mcu.externaltools.gnu-tools-for-stm32.13.3.rel1.macos64_1.0.0.202411102158/tools/bin/../lib/gcc/arm-none-eabi/13.3.1/thumb/v7-m/nofp/crtbegin.o
                0x2000000c                        . = ALIGN (0x4)

.bss            0x2000000c       0x20 load address 0x08000f1c
                0x2000000c                        _sbss = .
                0x2000000c                        __bss_start__ = _sbss
 *(.bss)
 .bss           0x2000000c       0x1c /Applications/STM32CubeIDE.app/Contents/Eclipse/plugins/com.st.stm32cube.ide.mcu.externaltools.gnu-tools-for-stm32.13.3.rel1.macos64_1.0.0.202411102158/tools/bin/../lib/gcc/arm-none-eabi/13.3.1/thumb/v7-m/nofp/crtbegin.o
 *(.bss*)
 .bss.uwTick    0x20000028        0x4 ./src/lib/cube_f103/Drivers/STM32F1xx_HAL_Driver/Src/stm32f1xx_hal.o
                0x20000028                uwTick
 *(COMMON)
                0x2000002c                        . = ALIGN (0x4)
                0x2000002c                        _ebss = .
                0x2000002c                        __bss_end__ = _ebss

._user_heap_stack
                0x2000002c      0x604 load address 0x08000f1c
                0x20000030                        . = ALIGN (0x8)
 *fill*         0x2000002c        0x4 
                [!provide]                        PROVIDE (end = .)
                0x20000030                        PROVIDE (_end = .)
                0x20000230                        . = (. + _Min_Heap_Size)
 *fill*         0x20000030      0x200 
                0x20000630                        . = (. + _Min_Stack_Size)
 *fill*         0x20000230      0x400 
                0x20000630                        . = ALIGN (0x8)

/DISCARD/
 libc.a(*)
 libm.a(*)
 libgcc.a(*)

.ARM.attributes
                0x00000000       0x29
 *(.ARM.attributes)
 .ARM.attributes
                0x00000000       0x1d /Applications/STM32CubeIDE.app/Contents/Eclipse/plugins/com.st.stm32cube.ide.mcu.externaltools.gnu-tools-for-stm32.13.3.rel1.macos64_1.0.0.202411102158/tools/bin/../lib/gcc/arm-none-eabi/13.3.1/thumb/v7-m/nofp/crti.o
 .ARM.attributes
                0x0000001d       0x2d /Applications/STM32CubeIDE.app/Contents/Eclipse/plugins/com.st.stm32cube.ide.mcu.externaltools.gnu-tools-for-stm32.13.3.rel1.macos64_1.0.0.202411102158/tools/bin/../lib/gcc/arm-none-eabi/13.3.1/thumb/v7-m/nofp/crtbegin.o
 .ARM.attributes
                0x0000004a       0x2d ./src/ap/ap.o
 .ARM.attributes
                0x00000077       0x2d ./src/bsp/bsp.o
 .ARM.attributes
                0x000000a4       0x2d ./src/bsp/stm32f1xx_hal_msp.o
 .ARM.attributes
                0x000000d1       0x2d ./src/bsp/stm32f1xx_it.o
 .ARM.attributes
                0x000000fe       0x2d ./src/bsp/system_stm32f1xx.o
 .ARM.attributes
                0x0000012b       0x21 ./src/bsp/startup/startup_stm32f103rbtx.o
 .ARM.attributes
                0x0000014c       0x2d ./src/hw/hw.o
 .ARM.attributes
                0x00000179       0x2d ./src/lib/cube_f103/Drivers/STM32F1xx_HAL_Driver/Src/stm32f1xx_hal.o
 .ARM.attributes
                0x000001a6       0x2d ./src/lib/cube_f103/Drivers/STM32F1xx_HAL_Driver/Src/stm32f1xx_hal_cortex.o
 .ARM.attributes
                0x000001d3       0x2d ./src/lib/cube_f103/Drivers/STM32F1xx_HAL_Driver/Src/stm32f1xx_hal_gpio.o
 .ARM.attributes
                0x00000200       0x2d ./src/lib/cube_f103/Drivers/STM32F1xx_HAL_Driver/Src/stm32f1xx_hal_rcc.o
 .ARM.attributes
                0x0000022d       0x2d ./src/main.o
 .ARM.attributes
                0x0000025a       0x2d /Applications/STM32CubeIDE.app/Contents/Eclipse/plugins/com.st.stm32cube.ide.mcu.externaltools.gnu-tools-for-stm32.13.3.rel1.macos64_1.0.0.202411102158/tools/bin/../lib/gcc/arm-none-eabi/13.3.1/../../../../arm-none-eabi/lib/thumb/v7-m/nofp/libc_nano.a(libc_a-memset.o)
 .ARM.attributes
                0x00000287       0x2d /Applications/STM32CubeIDE.app/Contents/Eclipse/plugins/com.st.stm32cube.ide.mcu.externaltools.gnu-tools-for-stm32.13.3.rel1.macos64_1.0.0.202411102158/tools/bin/../lib/gcc/arm-none-eabi/13.3.1/../../../../arm-none-eabi/lib/thumb/v7-m/nofp/libc_nano.a(libc_a-init.o)
 .ARM.attributes
                0x000002b4       0x1d /Applications/STM32CubeIDE.app/Contents/Eclipse/plugins/com.st.stm32cube.ide.mcu.externaltools.gnu-tools-for-stm32.13.3.rel1.macos64_1.0.0.202411102158/tools/bin/../lib/gcc/arm-none-eabi/13.3.1/thumb/v7-m/nofp/crtn.o
OUTPUT(stm32f103_fw.elf elf32-littlearm)
LOAD linker stubs
LOAD /Applications/STM32CubeIDE.app/Contents/Eclipse/plugins/com.st.stm32cube.ide.mcu.externaltools.gnu-tools-for-stm32.13.3.rel1.macos64_1.0.0.202411102158/tools/bin/../lib/gcc/arm-none-eabi/13.3.1/../../../../arm-none-eabi/lib/thumb/v7-m/nofp/libc.a
LOAD /Applications/STM32CubeIDE.app/Contents/Eclipse/plugins/com.st.stm32cube.ide.mcu.externaltools.gnu-tools-for-stm32.13.3.rel1.macos64_1.0.0.202411102158/tools/bin/../lib/gcc/arm-none-eabi/13.3.1/../../../../arm-none-eabi/lib/thumb/v7-m/nofp/libm.a
LOAD /Applications/STM32CubeIDE.app/Contents/Eclipse/plugins/com.st.stm32cube.ide.mcu.externaltools.gnu-tools-for-stm32.13.3.rel1.macos64_1.0.0.202411102158/tools/bin/../lib/gcc/arm-none-eabi/13.3.1/thumb/v7-m/nofp/libgcc.a

.debug_info     0x00000000     0x2a3f
 .debug_info    0x00000000       0x9f ./src/ap/ap.o
 .debug_info    0x0000009f      0x3bd ./src/bsp/bsp.o
 .debug_info    0x0000045c      0x1f8 ./src/bsp/stm32f1xx_hal_msp.o
 .debug_info    0x00000654      0x152 ./src/bsp/stm32f1xx_it.o
 .debug_info    0x000007a6      0x21b ./src/bsp/system_stm32f1xx.o
 .debug_info    0x000009c1       0x30 ./src/bsp/startup/startup_stm32f103rbtx.o
 .debug_info    0x000009f1       0x99 ./src/hw/hw.o
 .debug_info    0x00000a8a      0x704 ./src/lib/cube_f103/Drivers/STM32F1xx_HAL_Driver/Src/stm32f1xx_hal.o
 .debug_info    0x0000118e      0xa87 ./src/lib/cube_f103/Drivers/STM32F1xx_HAL_Driver/Src/stm32f1xx_hal_cortex.o
 .debug_info    0x00001c15      0x5ab ./src/lib/cube_f103/Drivers/STM32F1xx_HAL_Driver/Src/stm32f1xx_hal_gpio.o
 .debug_info    0x000021c0      0x7d5 ./src/lib/cube_f103/Drivers/STM32F1xx_HAL_Driver/Src/stm32f1xx_hal_rcc.o
 .debug_info    0x00002995       0xaa ./src/main.o

.debug_abbrev   0x00000000      0xf11
 .debug_abbrev  0x00000000       0x47 ./src/ap/ap.o
 .debug_abbrev  0x00000047      0x1c3 ./src/bsp/bsp.o
 .debug_abbrev  0x0000020a       0xdb ./src/bsp/stm32f1xx_hal_msp.o
 .debug_abbrev  0x000002e5       0xa0 ./src/bsp/stm32f1xx_it.o
 .debug_abbrev  0x00000385      0x13f ./src/bsp/system_stm32f1xx.o
 .debug_abbrev  0x000004c4       0x24 ./src/bsp/startup/startup_stm32f103rbtx.o
 .debug_abbrev  0x000004e8       0x58 ./src/hw/hw.o
 .debug_abbrev  0x00000540      0x201 ./src/lib/cube_f103/Drivers/STM32F1xx_HAL_Driver/Src/stm32f1xx_hal.o
 .debug_abbrev  0x00000741      0x2f8 ./src/lib/cube_f103/Drivers/STM32F1xx_HAL_Driver/Src/stm32f1xx_hal_cortex.o
 .debug_abbrev  0x00000a39      0x1ca ./src/lib/cube_f103/Drivers/STM32F1xx_HAL_Driver/Src/stm32f1xx_hal_gpio.o
 .debug_abbrev  0x00000c03      0x2b3 ./src/lib/cube_f103/Drivers/STM32F1xx_HAL_Driver/Src/stm32f1xx_hal_rcc.o
 .debug_abbrev  0x00000eb6       0x5b ./src/main.o

.debug_aranges  0x00000000      0x448
 .debug_aranges
                0x00000000       0x28 ./src/ap/ap.o
 .debug_aranges
                0x00000028       0x40 ./src/bsp/bsp.o
 .debug_aranges
                0x00000068       0x20 ./src/bsp/stm32f1xx_hal_msp.o
 .debug_aranges
                0x00000088       0x68 ./src/bsp/stm32f1xx_it.o
 .debug_aranges
                0x000000f0       0x28 ./src/bsp/system_stm32f1xx.o
 .debug_aranges
                0x00000118       0x28 ./src/bsp/startup/startup_stm32f103rbtx.o
 .debug_aranges
                0x00000140       0x20 ./src/hw/hw.o
 .debug_aranges
                0x00000160       0xe0 ./src/lib/cube_f103/Drivers/STM32F1xx_HAL_Driver/Src/stm32f1xx_hal.o
 .debug_aranges
                0x00000240      0x100 ./src/lib/cube_f103/Drivers/STM32F1xx_HAL_Driver/Src/stm32f1xx_hal_cortex.o
 .debug_aranges
                0x00000340       0x58 ./src/lib/cube_f103/Drivers/STM32F1xx_HAL_Driver/Src/stm32f1xx_hal_gpio.o
 .debug_aranges
                0x00000398       0x90 ./src/lib/cube_f103/Drivers/STM32F1xx_HAL_Driver/Src/stm32f1xx_hal_rcc.o
 .debug_aranges
                0x00000428       0x20 ./src/main.o

.debug_rnglists
                0x00000000      0x303
 .debug_rnglists
                0x00000000       0x19 ./src/ap/ap.o
 .debug_rnglists
                0x00000019       0x2c ./src/bsp/bsp.o
 .debug_rnglists
                0x00000045       0x13 ./src/bsp/stm32f1xx_hal_msp.o
 .debug_rnglists
                0x00000058       0x49 ./src/bsp/stm32f1xx_it.o
 .debug_rnglists
                0x000000a1       0x1a ./src/bsp/system_stm32f1xx.o
 .debug_rnglists
                0x000000bb       0x19 ./src/bsp/startup/startup_stm32f103rbtx.o
 .debug_rnglists
                0x000000d4       0x13 ./src/hw/hw.o
 .debug_rnglists
                0x000000e7       0xa3 ./src/lib/cube_f103/Drivers/STM32F1xx_HAL_Driver/Src/stm32f1xx_hal.o
 .debug_rnglists
                0x0000018a       0xbb ./src/lib/cube_f103/Drivers/STM32F1xx_HAL_Driver/Src/stm32f1xx_hal_cortex.o
 .debug_rnglists
                0x00000245       0x3f ./src/lib/cube_f103/Drivers/STM32F1xx_HAL_Driver/Src/stm32f1xx_hal_gpio.o
 .debug_rnglists
                0x00000284       0x6c ./src/lib/cube_f103/Drivers/STM32F1xx_HAL_Driver/Src/stm32f1xx_hal_rcc.o
 .debug_rnglists
                0x000002f0       0x13 ./src/main.o

.debug_macro    0x00000000    0x170e2
 .debug_macro   0x00000000      0x29b ./src/ap/ap.o
 .debug_macro   0x0000029b      0xac0 ./src/ap/ap.o
 .debug_macro   0x00000d5b       0x22 ./src/ap/ap.o
 .debug_macro   0x00000d7d       0x5b ./src/ap/ap.o
 .debug_macro   0x00000dd8       0x24 ./src/ap/ap.o
 .debug_macro   0x00000dfc       0x94 ./src/ap/ap.o
 .debug_macro   0x00000e90       0x43 ./src/ap/ap.o
 .debug_macro   0x00000ed3       0x34 ./src/ap/ap.o
 .debug_macro   0x00000f07       0x16 ./src/ap/ap.o
 .debug_macro   0x00000f1d       0x57 ./src/ap/ap.o
 .debug_macro   0x00000f74       0x9e ./src/ap/ap.o
 .debug_macro   0x00001012      0x370 ./src/ap/ap.o
 .debug_macro   0x00001382      0x112 ./src/ap/ap.o
 .debug_macro   0x00001494       0x10 ./src/ap/ap.o
 .debug_macro   0x000014a4       0x16 ./src/ap/ap.o
 .debug_macro   0x000014ba       0x4a ./src/ap/ap.o
 .debug_macro   0x00001504       0x34 ./src/ap/ap.o
 .debug_macro   0x00001538       0x10 ./src/ap/ap.o
 .debug_macro   0x00001548       0x58 ./src/ap/ap.o
 .debug_macro   0x000015a0       0x8e ./src/ap/ap.o
 .debug_macro   0x0000162e       0x1c ./src/ap/ap.o
 .debug_macro   0x0000164a      0x185 ./src/ap/ap.o
 .debug_macro   0x000017cf       0x16 ./src/ap/ap.o
 .debug_macro   0x000017e5       0x16 ./src/ap/ap.o
 .debug_macro   0x000017fb      0x146 ./src/ap/ap.o
 .debug_macro   0x00001941      0x103 ./src/ap/ap.o
 .debug_macro   0x00001a44       0x6a ./src/ap/ap.o
 .debug_macro   0x00001aae      0x1df ./src/ap/ap.o
 .debug_macro   0x00001c8d       0x22 ./src/ap/ap.o
 .debug_macro   0x00001caf      0x215 ./src/ap/ap.o
 .debug_macro   0x00001ec4       0x2e ./src/ap/ap.o
 .debug_macro   0x00001ef2       0x22 ./src/ap/ap.o
 .debug_macro   0x00001f14       0x1c ./src/ap/ap.o
 .debug_macro   0x00001f30       0x22 ./src/ap/ap.o
 .debug_macro   0x00001f52       0xbd ./src/ap/ap.o
 .debug_macro   0x0000200f      0xd23 ./src/ap/ap.o
 .debug_macro   0x00002d32     0xe09e ./src/ap/ap.o
 .debug_macro   0x00010dd0       0x6d ./src/ap/ap.o
 .debug_macro   0x00010e3d     0x34a2 ./src/ap/ap.o
 .debug_macro   0x000142df       0x56 ./src/ap/ap.o
 .debug_macro   0x00014335      0x5bc ./src/ap/ap.o
 .debug_macro   0x000148f1      0x289 ./src/ap/ap.o
 .debug_macro   0x00014b7a      0x1cb ./src/ap/ap.o
 .debug_macro   0x00014d45      0x114 ./src/ap/ap.o
 .debug_macro   0x00014e59      0x1b2 ./src/ap/ap.o
 .debug_macro   0x0001500b       0x27 ./src/ap/ap.o
 .debug_macro   0x00015032      0x136 ./src/ap/ap.o
 .debug_macro   0x00015168      0x1bc ./src/ap/ap.o
 .debug_macro   0x00015324       0x34 ./src/ap/ap.o
 .debug_macro   0x00015358       0x3c ./src/ap/ap.o
 .debug_macro   0x00015394       0x57 ./src/ap/ap.o
 .debug_macro   0x000153eb       0x87 ./src/ap/ap.o
 .debug_macro   0x00015472      0x240 ./src/ap/ap.o
 .debug_macro   0x000156b2      0x140 ./src/ap/ap.o
 .debug_macro   0x000157f2      0x28e ./src/ap/ap.o
 .debug_macro   0x00015a80       0x83 ./src/ap/ap.o
 .debug_macro   0x00015b03       0x10 ./src/ap/ap.o
 .debug_macro   0x00015b13      0x27d ./src/bsp/bsp.o
 .debug_macro   0x00015d90      0x2a5 ./src/bsp/stm32f1xx_hal_msp.o
 .debug_macro   0x00016035      0x2af ./src/bsp/stm32f1xx_it.o
 .debug_macro   0x000162e4       0xc8 ./src/bsp/system_stm32f1xx.o
 .debug_macro   0x000163ac       0x8e ./src/bsp/system_stm32f1xx.o
 .debug_macro   0x0001643a       0x51 ./src/bsp/system_stm32f1xx.o
 .debug_macro   0x0001648b      0x291 ./src/hw/hw.o
 .debug_macro   0x0001671c      0x1ad ./src/lib/cube_f103/Drivers/STM32F1xx_HAL_Driver/Src/stm32f1xx_hal.o
 .debug_macro   0x000168c9       0x5c ./src/lib/cube_f103/Drivers/STM32F1xx_HAL_Driver/Src/stm32f1xx_hal.o
 .debug_macro   0x00016925      0x189 ./src/lib/cube_f103/Drivers/STM32F1xx_HAL_Driver/Src/stm32f1xx_hal_cortex.o
 .debug_macro   0x00016aae      0x1f4 ./src/lib/cube_f103/Drivers/STM32F1xx_HAL_Driver/Src/stm32f1xx_hal_gpio.o
 .debug_macro   0x00016ca2      0x19b ./src/lib/cube_f103/Drivers/STM32F1xx_HAL_Driver/Src/stm32f1xx_hal_rcc.o
 .debug_macro   0x00016e3d      0x2a5 ./src/main.o

.debug_line     0x00000000     0x73a7
 .debug_line    0x00000000      0x9ca ./src/ap/ap.o
 .debug_line    0x000009ca      0xa04 ./src/bsp/bsp.o
 .debug_line    0x000013ce      0xa58 ./src/bsp/stm32f1xx_hal_msp.o
 .debug_line    0x00001e26      0xb1e ./src/bsp/stm32f1xx_it.o
 .debug_line    0x00002944      0x588 ./src/bsp/system_stm32f1xx.o
 .debug_line    0x00002ecc       0x7b ./src/bsp/startup/startup_stm32f103rbtx.o
 .debug_line    0x00002f47      0x971 ./src/hw/hw.o
 .debug_line    0x000038b8      0xa81 ./src/lib/cube_f103/Drivers/STM32F1xx_HAL_Driver/Src/stm32f1xx_hal.o
 .debug_line    0x00004339      0xc4b ./src/lib/cube_f103/Drivers/STM32F1xx_HAL_Driver/Src/stm32f1xx_hal_cortex.o
 .debug_line    0x00004f84      0xade ./src/lib/cube_f103/Drivers/STM32F1xx_HAL_Driver/Src/stm32f1xx_hal_gpio.o
 .debug_line    0x00005a62      0xf3a ./src/lib/cube_f103/Drivers/STM32F1xx_HAL_Driver/Src/stm32f1xx_hal_rcc.o
 .debug_line    0x0000699c      0xa0b ./src/main.o

.debug_str      0x00000000    0x8119b
 .debug_str     0x00000000    0x8119b ./src/ap/ap.o
                              0x801bc (size before relaxing)
 .debug_str     0x0008119b    0x80397 ./src/bsp/bsp.o
 .debug_str     0x0008119b    0x8025f ./src/bsp/stm32f1xx_hal_msp.o
 .debug_str     0x0008119b    0x802b6 ./src/bsp/stm32f1xx_it.o
 .debug_str     0x0008119b    0x54751 ./src/bsp/system_stm32f1xx.o
 .debug_str     0x0008119b       0x88 ./src/bsp/startup/startup_stm32f103rbtx.o
 .debug_str     0x0008119b    0x801af ./src/hw/hw.o
 .debug_str     0x0008119b    0x7d186 ./src/lib/cube_f103/Drivers/STM32F1xx_HAL_Driver/Src/stm32f1xx_hal.o
 .debug_str     0x0008119b    0x7d0d2 ./src/lib/cube_f103/Drivers/STM32F1xx_HAL_Driver/Src/stm32f1xx_hal_cortex.o
 .debug_str     0x0008119b    0x7cdd9 ./src/lib/cube_f103/Drivers/STM32F1xx_HAL_Driver/Src/stm32f1xx_hal_gpio.o
 .debug_str     0x0008119b    0x7ce82 ./src/lib/cube_f103/Drivers/STM32F1xx_HAL_Driver/Src/stm32f1xx_hal_rcc.o
 .debug_str     0x0008119b    0x801d4 ./src/main.o

.comment        0x00000000       0x43
 .comment       0x00000000       0x43 ./src/ap/ap.o
                                 0x44 (size before relaxing)
 .comment       0x00000043       0x44 ./src/bsp/bsp.o
 .comment       0x00000043       0x44 ./src/bsp/stm32f1xx_hal_msp.o
 .comment       0x00000043       0x44 ./src/bsp/stm32f1xx_it.o
 .comment       0x00000043       0x44 ./src/bsp/system_stm32f1xx.o
 .comment       0x00000043       0x44 ./src/hw/hw.o
 .comment       0x00000043       0x44 ./src/lib/cube_f103/Drivers/STM32F1xx_HAL_Driver/Src/stm32f1xx_hal.o
 .comment       0x00000043       0x44 ./src/lib/cube_f103/Drivers/STM32F1xx_HAL_Driver/Src/stm32f1xx_hal_cortex.o
 .comment       0x00000043       0x44 ./src/lib/cube_f103/Drivers/STM32F1xx_HAL_Driver/Src/stm32f1xx_hal_gpio.o
 .comment       0x00000043       0x44 ./src/lib/cube_f103/Drivers/STM32F1xx_HAL_Driver/Src/stm32f1xx_hal_rcc.o
 .comment       0x00000043       0x44 ./src/main.o

.debug_frame    0x00000000      0xe14
 .debug_frame   0x00000000       0x48 ./src/ap/ap.o
 .debug_frame   0x00000048       0xb8 ./src/bsp/bsp.o
 .debug_frame   0x00000100       0x38 ./src/bsp/stm32f1xx_hal_msp.o
 .debug_frame   0x00000138      0x120 ./src/bsp/stm32f1xx_it.o
 .debug_frame   0x00000258       0x58 ./src/bsp/system_stm32f1xx.o
 .debug_frame   0x000002b0       0x2c ./src/hw/hw.o
 .debug_frame   0x000002dc      0x334 ./src/lib/cube_f103/Drivers/STM32F1xx_HAL_Driver/Src/stm32f1xx_hal.o
 .debug_frame   0x00000610      0x428 ./src/lib/cube_f103/Drivers/STM32F1xx_HAL_Driver/Src/stm32f1xx_hal_cortex.o
 .debug_frame   0x00000a38      0x14c ./src/lib/cube_f103/Drivers/STM32F1xx_HAL_Driver/Src/stm32f1xx_hal_gpio.o
 .debug_frame   0x00000b84      0x218 ./src/lib/cube_f103/Drivers/STM32F1xx_HAL_Driver/Src/stm32f1xx_hal_rcc.o
 .debug_frame   0x00000d9c       0x2c ./src/main.o
 .debug_frame   0x00000dc8       0x20 /Applications/STM32CubeIDE.app/Contents/Eclipse/plugins/com.st.stm32cube.ide.mcu.externaltools.gnu-tools-for-stm32.13.3.rel1.macos64_1.0.0.202411102158/tools/bin/../lib/gcc/arm-none-eabi/13.3.1/../../../../arm-none-eabi/lib/thumb/v7-m/nofp/libc_nano.a(libc_a-memset.o)
 .debug_frame   0x00000de8       0x2c /Applications/STM32CubeIDE.app/Contents/Eclipse/plugins/com.st.stm32cube.ide.mcu.externaltools.gnu-tools-for-stm32.13.3.rel1.macos64_1.0.0.202411102158/tools/bin/../lib/gcc/arm-none-eabi/13.3.1/../../../../arm-none-eabi/lib/thumb/v7-m/nofp/libc_nano.a(libc_a-init.o)

.debug_line_str
                0x00000000       0x6c
 .debug_line_str
                0x00000000       0x6c ./src/bsp/startup/startup_stm32f103rbtx.o
